RX [13:22:57.414]: yroscope:26, Magnetometer:12
RX [13:22:57.414]: Accelerometer:67, Gyroscope:10, Magnetometer:33
RX [13:22:57.414]: Accelerometer:79, Gyroscope:49, Magnetometer:79
RX [13:22:57.552]: Accelerometer:7, Gyroscope:49, Magnetometer:73
RX [13:22:58.552]: Accelerometer:58, Gyroscope:30, Magnetometer:72
RX [13:22:59.555]: Accelerometer:44, Gyroscope:78, Magnetometer:23
RX [13:23:00.555]: Accelerometer:9, Gyroscope:40, Magnetometer:65
RX [13:23:01.564]: Accelerometer:92, Gyroscope:42, Magnetometer:87
RX [13:23:02.558]: Accelerometer:3, Gyroscope:27, Magnetometer:29
RX [13:23:03.558]: Accelerometer:40, Gyroscope:12, Magnetometer:3
ERROR [13:23:03.660]: Connection lost: Interrupted system call
